PS C:\Users\varsh\PSC\C-activity-sets\set02> gdb a.exe
GNU gdb (GDB) 7.6.1
Copyright (C) 2013 Free Software Foundation, Inc.
License GPLv3+: GNU GPL version 3 or later <http://gnu.org/licenses/gpl.html>
This is free software: you are free to change and redistribute it.
There is NO WARRANTY, to the extent permitted by law.  Type "show copying"
and "show warranty" for details.
This GDB was configured as "mingw32".
For bug reporting instructions, please see:
<http://www.gnu.org/software/gdb/bugs/>...
Reading symbols from C:\Users\varsh\PSC\C-activity-sets\set02\a.exe...done.
(gdb) b 14
Breakpoint 1 at 0x401487: file problem03.c, line 14.
(gdb) r
Starting program: C:\Users\varsh\PSC\C-activity-sets\set02/a.exe
[New Thread 22720.0x2dbc]
[New Thread 22720.0x365c]
Enter the value of n : 4

Breakpoint 1, main () at problem03.c:14
warning: Source file is more recent than executable.
14        output(n,result);
(gdb) s
output (n=4, result=0) at problem03.c:40
40        if (result==0)
(gdb) print n
$1 = 4
(gdb) n
42          printf("%d is a composite number",n);
(gdb) n
4 is a composite number48       }
(gdb) n
main () at problem03.c:15
15        return 0;
(gdb) n
16      }
(gdb) n
0x00401288 in __register_frame_info ()
(gdb) q
A debugging session is active.

        Inferior 1 [process 22720] will be killed.

Quit anyway? (y or n) y
error return ../../gdb-7.6.1/gdb/windows-nat.c:1275 was 5