PS C:\Users\varsh\PSC\C-activity-sets\set01> gdb a.exe
GNU gdb (GDB) 7.6.1
Copyright (C) 2013 Free Software Foundation, Inc.
License GPLv3+: GNU GPL version 3 or later <http://gnu.org/licenses/gpl.html>
This is free software: you are free to change and redistribute it.
There is NO WARRANTY, to the extent permitted by law.  Type "show copying"
and "show warranty" for details.
This GDB was configured as "mingw32".
For bug reporting instructions, please see:
<http://www.gnu.org/software/gdb/bugs/>...
Reading symbols from C:\Users\varsh\PSC\C-activity-sets\set01\a.exe...done.
(gdb) b main
Breakpoint 1 at 0x40146e: file problem04.c, line 12.
(gdb) r
Starting program: C:\Users\varsh\PSC\C-activity-sets\set01/a.exe
[New Thread 4540.0x4dc8]
[New Thread 4540.0x4e04]

Breakpoint 1, main () at problem04.c:12
12        input(&a, &b);
(gdb) n
Enter the value of a :
6
Enter the value of b :
4
13        add(a, b, &sum);
(gdb) n
14        output(a, b, sum);
(gdb) n
The sum is : 10
15        return 0;
(gdb) q
A debugging session is active.

        Inferior 1 [process 4540] will be killed.

Quit anyway? (y or n) y
error return ../../gdb-7.6.1/gdb/windows-nat.c:1275 was 5