PS C:\Users\varsh\PSC\C-activity-sets\set01> git add
Nothing specified, nothing added.
hint: Maybe you wanted to say 'git add .'?
hint: Turn this message off by running
hint: "git config advice.addEmptyPathspec false"
PS C:\Users\varsh\PSC\C-activity-sets\set01> git commit -m "test"
On branch main
Your branch is up to date with 'origin/main'.

Changes not staged for commit:
  (use "git add <file>..." to update what will be committed)
  (use "git restore <file>..." to discard changes in working directory)
        modified:   problem01.c

no changes added to commit (use "git add" and/or "git commit -a")
PS C:\Users\varsh\PSC\C-activity-sets\set01> git add.
git: 'add.' is not a git command. See 'git --help'.

The most similar command is
        add