PS C:\Users\varsh\PSC\C-activity-sets\set01> gdb a.exe
GNU gdb (GDB) 7.6.1
Copyright (C) 2013 Free Software Foundation, Inc.
License GPLv3+: GNU GPL version 3 or later <http://gnu.org/licenses/gpl.html>
This is free software: you are free to change and redistribute it.
There is NO WARRANTY, to the extent permitted by law.  Type "show copying"
and "show warranty" for details.
This GDB was configured as "mingw32".
For bug reporting instructions, please see:
<http://www.gnu.org/software/gdb/bugs/>...
Reading symbols from C:\Users\varsh\PSC\C-activity-sets\set01\a.exe...done.
(gdb) b main 
Breakpoint 1 at 0x401477: file problem12.c, line 19.
(gdb) r
Starting program: C:\Users\varsh\PSC\C-activity-sets\set01/a.exe 
[New Thread 5088.0x4f84]
[New Thread 5088.0x4e48]

Breakpoint 1, 0x00401477 in main () at problem12.c:19
19      {
(gdb) n
20          int n = get_n();
(gdb) n
Enter the number of complex numbers : 3
21          Complex c[n];
(gdb) n
22          input_n_complex(n, c);
(gdb) n
Enter Complex Number 1:
Enter the real part : 3
Enter the imaginary part : 6
Enter Complex Number 2:
Enter the real part : 9
Enter the imaginary part : 12
Enter Complex Number 3:
Enter the real part : 15
Enter the imaginary part : 18
23          Complex sum = add_n_complex(n, c);
(gdb) n
24          output(n, c, sum);
(gdb) n
3+6i + 9+12i + 15+18i +  is 27+36i
25          return 0;
(gdb) n
26      }
(gdb) n
0x00401288 in __register_frame_info ()
(gdb) q
A debugging session is active.

        Inferior 1 [process 5088] will be killed.

Quit anyway? (y or n) y
error return ../../gdb-7.6.1/gdb/windows-nat.c:1275 was 5
PS C:\Users\varsh\PSC\C-activity-sets\set01> gdb a.exe
GNU gdb (GDB) 7.6.1
Copyright (C) 2013 Free Software Foundation, Inc.
License GPLv3+: GNU GPL version 3 or later <http://gnu.org/licenses/gpl.html>
This is free software: you are free to change and redistribute it.
There is NO WARRANTY, to the extent permitted by law.  Type "show copying"
and "show warranty" for details.
This GDB was configured as "mingw32".
For bug reporting instructions, please see:
<http://www.gnu.org/software/gdb/bugs/>...
Reading symbols from C:\Users\varsh\PSC\C-activity-sets\set01\a.exe...done.
(gdb) b main
Breakpoint 1 at 0x401477: file problem12.c, line 19.
(gdb) r
Starting program: C:\Users\varsh\PSC\C-activity-sets\set01/a.exe
[New Thread 19128.0x5378]
[New Thread 19128.0x4788]

Breakpoint 1, 0x00401477 in main () at problem12.c:19
19      {
(gdb) n
20          int n = get_n();
(gdb) n
Enter the number of complex numbers : 5
21          Complex c[n];
(gdb) n
22          input_n_complex(n, c);
(gdb) n
Enter Complex Number 1:
Enter the real part : -1
Enter the imaginary part : 4
Enter Complex Number 2:
Enter the real part : 1
Enter the imaginary part : -10
Enter Complex Number 3:
Enter the real part : -8
Enter the imaginary part : 5
Enter Complex Number 4:
Enter the real part : 0
Enter the imaginary part : -11
Enter Complex Number 5:
Enter the real part : 10
Enter the imaginary part : 2
23          Complex sum = add_n_complex(n, c);
(gdb) n
24          output(n, c, sum);
(gdb) n
-1+4i + 1+-10i + -8+5i + 0+-11i + 10+2i +  is 2+-10i
25          return 0;
(gdb) n
26      }
(gdb) n
0x00401288 in __register_frame_info ()
(gdb) q
A debugging session is active.

        Inferior 1 [process 19128] will be killed.

Quit anyway? (y or n) y
error return ../../gdb-7.6.1/gdb/windows-nat.c:1275 was 5