PS C:\Users\varsh\PSC\C-activity-sets\set01> gdb a.exe
GNU gdb (GDB) 7.6.1
Copyright (C) 2013 Free Software Foundation, Inc.
License GPLv3+: GNU GPL version 3 or later <http://gnu.org/licenses/gpl.html>
This is free software: you are free to change and redistribute it.
There is NO WARRANTY, to the extent permitted by law.  Type "show copying"
and "show warranty" for details.
This GDB was configured as "mingw32".
For bug reporting instructions, please see:
<http://www.gnu.org/software/gdb/bugs/>...
Reading symbols from C:\Users\varsh\PSC\C-activity-sets\set01\a.exe...done.
(gdb) q
PS C:\Users\varsh\PSC\C-activity-sets\set01> gdb a.exe
GNU gdb (GDB) 7.6.1
Copyright (C) 2013 Free Software Foundation, Inc.
License GPLv3+: GNU GPL version 3 or later <http://gnu.org/licenses/gpl.html>
This is free software: you are free to change and redistribute it.
There is NO WARRANTY, to the extent permitted by law.  Type "show copying"
and "show warranty" for details.
This GDB was configured as "mingw32".
For bug reporting instructions, please see:
<http://www.gnu.org/software/gdb/bugs/>...
Reading symbols from C:\Users\varsh\PSC\C-activity-sets\set01\a.exe...done.
(gdb) b main
Breakpoint 1 at 0x40146e: file problem01.c, line 6.
(gdb) r     
Starting program: C:\Users\varsh\PSC\C-activity-sets\set01/a.exe
[New Thread 20364.0x151c]
[New Thread 20364.0xcc0]

Breakpoint 1, main () at problem01.c:6
warning: Source file is more recent than executable.
6         printf("Varshitha Savanth\n");
(gdb) s
Varshitha Savanth
7         return 0;
(gdb) s
8       }
(gdb) s
0x00401288 in __register_frame_info ()
(gdb) s
Single stepping until exit from function __register_frame_info,
which has no line number information.
0x0040128a in __register_frame_info ()
(gdb) q
A debugging session is active.

        Inferior 1 [process 20364] will be killed.

Quit anyway? (y or n) y
error return ../../gdb-7.6.1/gdb/windows-nat.c:1275 was 5