PS C:\Users\varsh\PSC\C-activity-sets\set01> gdb a.exe
GNU gdb (GDB) 7.6.1
Copyright (C) 2013 Free Software Foundation, Inc.
License GPLv3+: GNU GPL version 3 or later <http://gnu.org/licenses/gpl.html>
This is free software: you are free to change and redistribute it.
There is NO WARRANTY, to the extent permitted by law.  Type "show copying"
and "show warranty" for details.
This GDB was configured as "mingw32".
For bug reporting instructions, please see:
<http://www.gnu.org/software/gdb/bugs/>...
Reading symbols from C:\Users\varsh\PSC\C-activity-sets\set01\a.exe...done.
(gdb) b main
Breakpoint 1 at 0x401471: file problem10.c, line 15.
(gdb) r
Starting program: C:\Users\varsh\PSC\C-activity-sets\set01/a.exe
[New Thread 12176.0x34ac]
[New Thread 12176.0x32fc]

Breakpoint 1, main () at problem10.c:15
15        input_two_strings(string1, string2);
(gdb) n
Enter the first string :
hello
Enter the second string :
hello
16        int result = stringcompare(string1, string2);
(gdb) n
17        output(string1, string2, result);
(gdb) n
hello is equal to hello
18        return 0;
(gdb) n
19      }
(gdb) n
0x00401288 in __register_frame_info ()
(gdb) b main
Note: breakpoint 1 also set at pc 0x401471.
Breakpoint 2 at 0x401471: file problem10.c, line 15.
(gdb) r
The program being debugged has been started already.
Start it from the beginning? (y or n) y
error return ../../gdb-7.6.1/gdb/windows-nat.c:1275 was 5
Starting program: C:\Users\varsh\PSC\C-activity-sets\set01/a.exe
[New Thread 18208.0x4be0]
[New Thread 18208.0x1c04]

Breakpoint 1, main () at problem10.c:15
15        input_two_strings(string1, string2);
(gdb) n
Enter the first string :
hello
Enter the second string :
hellw
16        int result = stringcompare(string1, string2);
(gdb) n
17        output(string1, string2, result);
(gdb) n
hellw is greater than hello
18        return 0;
(gdb) n
19      }
(gdb) n
0x00401288 in __register_frame_info ()
(gdb) b main
Note: breakpoints 1 and 2 also set at pc 0x401471.
Breakpoint 3 at 0x401471: file problem10.c, line 15.
(gdb) r
The program being debugged has been started already.
Start it from the beginning? (y or n) y
error return ../../gdb-7.6.1/gdb/windows-nat.c:1275 was 5
Starting program: C:\Users\varsh\PSC\C-activity-sets\set01/a.exe
[New Thread 13508.0x25d4]
[New Thread 13508.0x49e0]

Breakpoint 1, main () at problem10.c:15
15        input_two_strings(string1, string2);
(gdb) n
Enter the first string :
world
Enter the second string :
hello
16        int result = stringcompare(string1, string2);
(gdb) n
17        output(string1, string2, result);
(gdb) n
world is greater than hello
18        return 0;
(gdb) n
19      }
(gdb) n
0x00401288 in __register_frame_info ()
(gdb) q
A debugging session is active.

        Inferior 1 [process 13508] will be killed.

Quit anyway? (y or n) y
error return ../../gdb-7.6.1/gdb/windows-nat.c:1275 was 5